[00:16:02] [Server thread/INFO]: Stopping the server
[00:16:02] [Server thread/INFO]: Stopping server
[00:16:02] [Server thread/INFO]: Saving players
[00:16:02] [Server thread/INFO]: Saving worlds
[00:16:02] [Server thread/INFO]: Saving chunks for level 'ServerLevel[world]'/minecraft:overworld
[00:16:02] [Server thread/INFO]: [ChunkHolderManager] Waiting 60s for chunk system to halt for world 'world'
[00:16:02] [Server thread/INFO]: [ChunkHolderManager] Halted chunk system for world 'world'
[00:16:02] [Server thread/INFO]: [ChunkHolderManager] Saving all chunkholders for world 'world'
[00:16:03] [Server thread/INFO]: [ChunkHolderManager] Saved 793 block chunks, 5 entity chunks, 0 poi chunks in world 'world' in 0.97s
[00:16:03] [Server thread/INFO]: [ChunkHolderManager] Waiting 60s for chunk I/O to halt for world 'world'
[00:16:03] [Server thread/INFO]: [ChunkHolderManager] Halted I/O scheduler for world 'world'
[00:16:03] [Server thread/INFO]: Saving chunks for level 'ServerLevel[world_nether]'/minecraft:the_nether
[00:16:03] [Server thread/INFO]: [ChunkHolderManager] Waiting 60s for chunk system to halt for world 'world_nether'
[00:16:03] [Server thread/INFO]: [ChunkHolderManager] Halted chunk system for world 'world_nether'
[00:16:03] [Server thread/INFO]: [ChunkHolderManager] Saving all chunkholders for world 'world_nether'
[00:16:04] [Server thread/INFO]: [ChunkHolderManager] Saved 792 block chunks, 1 entity chunks, 0 poi chunks in world 'world_nether' in 0.52s
[00:16:04] [Server thread/INFO]: [ChunkHolderManager] Waiting 60s for chunk I/O to halt for world 'world_nether'
[00:16:04] [Server thread/INFO]: [ChunkHolderManager] Halted I/O scheduler for world 'world_nether'
[00:16:04] [Server thread/INFO]: Saving chunks for level 'ServerLevel[world_the_end]'/minecraft:the_end
[00:16:04] [Server thread/INFO]: [ChunkHolderManager] Waiting 60s for chunk system to halt for world 'world_the_end'
[00:16:04] [Server thread/INFO]: [ChunkHolderManager] Halted chunk system for world 'world_the_end'
[00:16:04] [Server thread/INFO]: [ChunkHolderManager] Saving all chunkholders for world 'world_the_end'
[00:16:04] [Server thread/INFO]: [ChunkHolderManager] Saved 792 block chunks, 10 entity chunks, 0 poi chunks in world 'world_the_end' in 0.55s
[00:16:04] [Server thread/INFO]: [ChunkHolderManager] Waiting 60s for chunk I/O to halt for world 'world_the_end'
[00:16:04] [Server thread/INFO]: [ChunkHolderManager] Halted I/O scheduler for world 'world_the_end'
[00:16:04] [Server thread/INFO]: ThreadedAnvilChunkStorage (world): All chunks are saved
[00:16:04] [Server thread/INFO]: ThreadedAnvilChunkStorage (DIM-1): All chunks are saved
[00:16:04] [Server thread/INFO]: ThreadedAnvilChunkStorage (DIM1): All chunks are saved
[00:16:04] [Server thread/INFO]: ThreadedAnvilChunkStorage: All dimensions are saved
[00:16:04] [Server thread/INFO]: Waiting for all RegionFile I/O tasks to complete...
[00:16:04] [Server thread/INFO]: All RegionFile I/O tasks to complete
[00:16:04] [Server thread/INFO]: [MoonriseCommon] Awaiting termination of worker pool for up to 60s...
[00:16:04] [Server thread/INFO]: [MoonriseCommon] Awaiting termination of I/O pool for up to 60s...
